
> hsop@0.1.0 build
> prisma generate && next build

Environment variables loaded from .env
Prisma schema loaded from prisma/schema.prisma

✔ Generated Prisma Client (v5.22.0) to ./node_modules/@prisma/client in 169ms

Start by importing your Prisma Client (See: https://pris.ly/d/importing-client)

Tip: Interested in query caching in just a few lines of code? Try Accelerate today! https://pris.ly/tip-3-accelerate

▲ Next.js 16.1.6 (Turbopack)
- Environments: .env
- Experiments (use with caution):
  · serverActions

⚠ The "middleware" file convention is deprecated. Please use "proxy" instead. Learn more: https://nextjs.org/docs/messages/middleware-to-proxy
  Creating an optimized production build ...
Turbopack build encountered 4 warnings:
./src/app/actions/upload.ts:91:26
The file pattern ('/ROOT/public//uploads/' <dynamic> '/' <dynamic> '/' <dynamic> '-' <dynamic> | '/ROOT/public/uploads/' <dynamic> '/' <dynamic> '/' <dynamic> '-' <dynamic> | '/ROOT/public//uploads/' <dynamic> '/' <dynamic> '-' <dynamic> | '/ROOT/public/uploads/' <dynamic> '/' <dynamic> '-' <dynamic> | '/ROOT/public//uploads/' <dynamic> '/' <dynamic> '/' <dynamic> '-' <dynamic> '.jpg' | '/ROOT/public/uploads/' <dynamic> '/' <dynamic> '/' <dynamic> '-' <dynamic> '.jpg' | '/ROOT/public//uploads/' <dynamic> '/' <dynamic> '-' <dynamic> '.jpg' | '/ROOT/public/uploads/' <dynamic> '/' <dynamic> '-' <dynamic> '.jpg' | '/ROOT/public//uploads/' <dynamic> '/' <dynamic> '/' <dynamic> '-' <dynamic> '.png' | '/ROOT/public/uploads/' <dynamic> '/' <dynamic> '/' <dynamic> '-' <dynamic> '.png' | '/ROOT/public//uploads/' <dynamic> '/' <dynamic> '-' <dynamic> '.png' | '/ROOT/public/uploads/' <dynamic> '/' <dynamic> '-' <dynamic> '.png' | '/ROOT/public//uploads/' <dynamic> '/' <dynamic> '/' <dynamic> '-' <dynamic> '.webp' | '/ROOT/public/uploads/' <dynamic> '/' <dynamic> '/' <dynamic> '-' <dynamic> '.webp' | '/ROOT/public//uploads/' <dynamic> '/' <dynamic> '-' <dynamic> '.webp' | '/ROOT/public/uploads/' <dynamic> '/' <dynamic> '-' <dynamic> '.webp' | '/ROOT/public//uploads/' <dynamic> '/' <dynamic> '/' <dynamic> '-' <dynamic> '.gif' | '/ROOT/public/uploads/' <dynamic> '/' <dynamic> '/' <dynamic> '-' <dynamic> '.gif' | '/ROOT/public//uploads/' <dynamic> '/' <dynamic> '-' <dynamic> '.gif' | '/ROOT/public/uploads/' <dynamic> '/' <dynamic> '-' <dynamic> '.gif') matches 62824 files in [project]/
[0m [90m 89 |[39m         [90m// 4. Save File[39m
 [90m 90 |[39m         [36mawait[39m mkdir(uploadDir[33m,[39m { recursive[33m:[39m [36mtrue[39m })[33m;[39m
[31m[1m>[22m[39m[90m 91 |[39m         [36mconst[39m filePath [33m=[39m join(uploadDir[33m,[39m uniqueName)[33m;[39m
 [90m    |[39m                          [31m[1m^[22m[39m[31m[1m^[22m[39m[31m[1m^[22m[39m[31m[1m^[22m[39m[31m[1m^[22m[39m[31m[1m^[22m[39m[31m[1m^[22m[39m[31m[1m^[22m[39m[31m[1m^[22m[39m[31m[1m^[22m[39m[31m[1m^[22m[39m[31m[1m^[22m[39m[31m[1m^[22m[39m[31m[1m^[22m[39m[31m[1m^[22m[39m[31m[1m^[22m[39m[31m[1m^[22m[39m[31m[1m^[22m[39m[31m[1m^[22m[39m[31m[1m^[22m[39m[31m[1m^[22m[39m[31m[1m^[22m[39m[31m[1m^[22m[39m[31m[1m^[22m[39m[31m[1m^[22m[39m[31m[1m^[22m[39m[31m[1m^[22m[39m
 [90m 92 |[39m         [36mawait[39m writeFile(filePath[33m,[39m buffer)[33m;[39m
 [90m 93 |[39m
 [90m 94 |[39m         [36mconst[39m publicUrl [33m=[39m [32m`${relativeDir}/${uniqueName}`[39m[33m;[39m[0m

Overly broad patterns can lead to build performance issues and over bundling.


./src/app/actions/upload.ts:36:26
The file pattern ('/ROOT/public//uploads/' <dynamic> '/' <dynamic> '/' <dynamic> '-' <dynamic> | '/ROOT/public/uploads/' <dynamic> '/' <dynamic> '/' <dynamic> '-' <dynamic> | '/ROOT/public//uploads/' <dynamic> '/' <dynamic> '-' <dynamic> | '/ROOT/public/uploads/' <dynamic> '/' <dynamic> '-' <dynamic>) matches 62824 files in [project]/
[0m [90m 34 |[39m     [36mtry[39m {
 [90m 35 |[39m         [36mawait[39m mkdir(uploadDir[33m,[39m { recursive[33m:[39m [36mtrue[39m })[33m;[39m
[31m[1m>[22m[39m[90m 36 |[39m         [36mconst[39m filePath [33m=[39m join(uploadDir[33m,[39m uniqueName)[33m;[39m
 [90m    |[39m                          [31m[1m^[22m[39m[31m[1m^[22m[39m[31m[1m^[22m[39m[31m[1m^[22m[39m[31m[1m^[22m[39m[31m[1m^[22m[39m[31m[1m^[22m[39m[31m[1m^[22m[39m[31m[1m^[22m[39m[31m[1m^[22m[39m[31m[1m^[22m[39m[31m[1m^[22m[39m[31m[1m^[22m[39m[31m[1m^[22m[39m[31m[1m^[22m[39m[31m[1m^[22m[39m[31m[1m^[22m[39m[31m[1m^[22m[39m[31m[1m^[22m[39m[31m[1m^[22m[39m[31m[1m^[22m[39m[31m[1m^[22m[39m[31m[1m^[22m[39m[31m[1m^[22m[39m[31m[1m^[22m[39m[31m[1m^[22m[39m[31m[1m^[22m[39m
 [90m 37 |[39m         console[33m.[39mlog([32m`Writing file to: ${filePath}`[39m)[33m;[39m
 [90m 38 |[39m         [36mawait[39m writeFile(filePath[33m,[39m buffer)[33m;[39m
 [90m 39 |[39m[0m

Overly broad patterns can lead to build performance issues and over bundling.


./src/app/actions/upload.ts:30:23
The file pattern ('/ROOT/public//uploads/' <dynamic> '/' <dynamic> | '/ROOT/public/uploads/' <dynamic> '/' <dynamic>) matches 62824 files in [project]/
[0m [90m 28 |[39m
 [90m 29 |[39m     [36mconst[39m relativeDir [33m=[39m [32m`/uploads/${year}/${month}`[39m[33m;[39m
[31m[1m>[22m[39m[90m 30 |[39m     [36mconst[39m uploadDir [33m=[39m join(process[33m.[39mcwd()[33m,[39m [32m"public"[39m[33m,[39m relativeDir)[33m;[39m
 [90m    |[39m                       [31m[1m^[22m[39m[31m[1m^[22m[39m[31m[1m^[22m[39m[31m[1m^[22m[39m[31m[1m^[22m[39m[31m[1m^[22m[39m[31m[1m^[22m[39m[31m[1m^[22m[39m[31m[1m^[22m[39m[31m[1m^[22m[39m[31m[1m^[22m[39m[31m[1m^[22m[39m[31m[1m^[22m[39m[31m[1m^[22m[39m[31m[1m^[22m[39m[31m[1m^[22m[39m[31m[1m^[22m[39m[31m[1m^[22m[39m[31m[1m^[22m[39m[31m[1m^[22m[39m[31m[1m^[22m[39m[31m[1m^[22m[39m[31m[1m^[22m[39m[31m[1m^[22m[39m[31m[1m^[22m[39m[31m[1m^[22m[39m[31m[1m^[22m[39m[31m[1m^[22m[39m[31m[1m^[22m[39m[31m[1m^[22m[39m[31m[1m^[22m[39m[31m[1m^[22m[39m[31m[1m^[22m[39m[31m[1m^[22m[39m[31m[1m^[22m[39m[31m[1m^[22m[39m[31m[1m^[22m[39m[31m[1m^[22m[39m[31m[1m^[22m[39m[31m[1m^[22m[39m[31m[1m^[22m[39m[31m[1m^[22m[39m
 [90m 31 |[39m
 [90m 32 |[39m     console[33m.[39mlog([32m`Target directory: ${uploadDir}`[39m)[33m;[39m
 [90m 33 |[39m[0m

Overly broad patterns can lead to build performance issues and over bundling.


./src/app/actions/upload.ts:87:27
The file pattern ('/ROOT/public//uploads/' <dynamic> '/' <dynamic> | '/ROOT/public/uploads/' <dynamic> '/' <dynamic>) matches 62824 files in [project]/
[0m [90m 85 |[39m
 [90m 86 |[39m         [36mconst[39m relativeDir [33m=[39m [32m`/uploads/${year}/${month}`[39m[33m;[39m
[31m[1m>[22m[39m[90m 87 |[39m         [36mconst[39m uploadDir [33m=[39m join(process[33m.[39mcwd()[33m,[39m [32m"public"[39m[33m,[39m relativeDir)[33m;[39m
 [90m    |[39m                           [31m[1m^[22m[39m[31m[1m^[22m[39m[31m[1m^[22m[39m[31m[1m^[22m[39m[31m[1m^[22m[39m[31m[1m^[22m[39m[31m[1m^[22m[39m[31m[1m^[22m[39m[31m[1m^[22m[39m[31m[1m^[22m[39m[31m[1m^[22m[39m[31m[1m^[22m[39m[31m[1m^[22m[39m[31m[1m^[22m[39m[31m[1m^[22m[39m[31m[1m^[22m[39m[31m[1m^[22m[39m[31m[1m^[22m[39m[31m[1m^[22m[39m[31m[1m^[22m[39m[31m[1m^[22m[39m[31m[1m^[22m[39m[31m[1m^[22m[39m[31m[1m^[22m[39m[31m[1m^[22m[39m[31m[1m^[22m[39m[31m[1m^[22m[39m[31m[1m^[22m[39m[31m[1m^[22m[39m[31m[1m^[22m[39m[31m[1m^[22m[39m[31m[1m^[22m[39m[31m[1m^[22m[39m[31m[1m^[22m[39m[31m[1m^[22m[39m[31m[1m^[22m[39m[31m[1m^[22m[39m[31m[1m^[22m[39m[31m[1m^[22m[39m[31m[1m^[22m[39m[31m[1m^[22m[39m[31m[1m^[22m[39m
 [90m 88 |[39m
 [90m 89 |[39m         [90m// 4. Save File[39m
 [90m 90 |[39m         [36mawait[39m mkdir(uploadDir[33m,[39m { recursive[33m:[39m [36mtrue[39m })[33m;[39m[0m

Overly broad patterns can lead to build performance issues and over bundling.


✓ Compiled successfully in 31.5s
  Running TypeScript ...
Failed to compile.

Type error: Type 'typeof import("/Users/davidtheo/Documents/Workspace/Hokiindo/hsop/src/app/api/pdf/%5Btype%5D/%5Bid%5D/route")' does not satisfy the constraint 'RouteHandlerConfig<"/api/pdf/%5Btype%5D/%5Bid%5D">'.
  Types of property 'GET' are incompatible.
    Type '(req: NextRequest, { params }: { params: Promise<{ type: string; id: string; }>; }) => Promise<NextResponse<unknown>>' is not assignable to type '(request: NextRequest, context: { params: Promise<{}>; }) => void | Response | Promise<void | Response>'.
      Types of parameters '__1' and 'context' are incompatible.
        Type '{ params: Promise<{}>; }' is not assignable to type '{ params: Promise<{ type: string; id: string; }>; }'.
          Types of property 'params' are incompatible.
            Type 'Promise<{}>' is not assignable to type 'Promise<{ type: string; id: string; }>'.
              Type '{}' is missing the following properties from type '{ type: string; id: string; }': type, id

Next.js build worker exited with code: 1 and signal: null
